
> next-web@0.1.0 build
> next build

▲ Next.js 16.2.1 (Turbopack)
- Environments: .env.local

node.exe : ⚠ The 
"middleware" file 
convention is deprecated. 
Please use "proxy" 
instead. Learn more: https
://nextjs.org/docs/message
s/middleware-to-proxy
At line:1 char:1
+ & "C:\Program 
Files\nodejs/node.exe" 
"C:\Program 
Files\nodejs/node_mo ...
+ ~~~~~~~~~~~~~~~~~~~~~~~~
~~~~~~~~~~~~~~~~~~~~~~~~~~
~~~~~~~~~~~~~~~~~~~
    + CategoryInfo        
      : NotSpecified: (⚠  
   The "middlewa...lewa   
 re-to-proxy:String) [    
], RemoteException
    + FullyQualifiedError 
   Id : NativeCommandErr  
  or
 
  Creating an optimized production build ...
✓ Compiled successfully in 12.4s
  Running TypeScript ...
  Finished TypeScript in 9.2s ...
  Collecting page data using 7 workers ...
  Generating static pages using 7 workers (0/16) ...
  Generating static pages using 7 workers (4/16) 
  Generating static pages using 7 workers (8/16) 
  Generating static pages using 7 workers (12/16) 
✓ Generating static pages using 7 workers (16/16) in 982ms
  Finalizing page optimization ...

Route (app)
┌ ○ /
├ ○ /_not-found
├ ƒ /api/export/excel
├ ƒ /api/reset-test-data
├ ○ /apple-icon.png
├ ƒ /attendance
├ ƒ /auth/callback
├ ○ /icon.png
├ ● /icon/[__metadata_id__]
│ ├ /icon/512
│ └ /icon/192
├ ○ /login
├ ○ /manifest.webmanifest
├ ƒ /rankings
├ ƒ /rankings/batch-grade
├ ƒ /students
├ ƒ /students/[id]
└ ƒ /test-seed


ƒ Proxy (Middleware)

○  (Static)   prerendered as static content
●  (SSG)      prerendered as static HTML (uses generateStaticParams)
ƒ  (Dynamic)  server-rendered on demand

